stm32f4xx_nucleo.c:88:9:BSP_GetVersion	4	static
stm32f4xx_nucleo.c:103:9:BSP_LED_Init	40	static
stm32f4xx_nucleo.c:133:9:BSP_LED_DeInit	40	static
stm32f4xx_nucleo.c:156:9:BSP_LED_On	16	static
stm32f4xx_nucleo.c:173:9:BSP_LED_Off	16	static
stm32f4xx_nucleo.c:190:9:BSP_LED_Toggle	16	static
stm32f4xx_nucleo.c:207:9:BSP_LED_GetState	16	static
stm32f4xx_nucleo.c:223:9:BSP_PB_Init	48	static
stm32f4xx_nucleo.c:278:9:BSP_PB_DeInit	40	static
stm32f4xx_nucleo.c:296:9:BSP_PB_GetState	16	static
stm32f4xx_nucleo.c:305:6:BSP_PB_IRQHandler	16	static
stm32f4xx_nucleo.c:315:13:BSP_PB_Callback	16	static
stm32f4xx_nucleo.c:328:13:BUTTON_USER_EXTI_Callback	8	static
stm32f4xx_nucleo.c:342:9:BSP_COM_Init	24	static
stm32f4xx_nucleo.c:381:9:BSP_COM_DeInit	24	static
stm32f4xx_nucleo.c:418:26:MX_USART2_UART_Init	24	static
stm32f4xx_nucleo.c:519:9:BSP_COM_SelectLogPort	16	static
stm32f4xx_nucleo.c:529:6:__io_putchar	16	static
stm32f4xx_nucleo.c:544:13:USART2_MspInit	48	static
stm32f4xx_nucleo.c:570:13:USART2_MspDeInit	16	static
