app_x-cube-mems1.c:102:6:MX_MEMS_Init	8	static
app_x-cube-mems1.c:124:6:MX_MEMS_Process	8	static
app_x-cube-mems1.c:144:6:HAL_TIM_PeriodElapsedCallback	16	static
app_x-cube-mems1.c:160:6:RTC_DateRegulate	32	static
app_x-cube-mems1.c:183:6:RTC_TimeRegulate	40	static
app_x-cube-mems1.c:208:13:MX_DataLogFusion_Init	32	static
app_x-cube-mems1.c:269:13:MX_DataLogFusion_Process	8	static
app_x-cube-mems1.c:300:13:Init_Sensors	8	static
app_x-cube-mems1.c:336:13:RTC_Handler	56	static
app_x-cube-mems1.c:366:13:FX_Data_Handler	176	static
app_x-cube-mems1.c:421:13:Accelero_Sensor_Handler	8	static
app_x-cube-mems1.c:436:13:Gyro_Sensor_Handler	8	static
app_x-cube-mems1.c:449:13:Magneto_Sensor_Handler	48	static
app_x-cube-mems1.c:500:13:Pressure_Sensor_Handler	8	static
app_x-cube-mems1.c:509:13:Temperature_Sensor_Handler	8	static
app_x-cube-mems1.c:518:13:Humidity_Sensor_Handler	8	static
app_x-cube-mems1.c:530:13:TIM_Config	32	static
app_x-cube-mems1.c:587:13:DWT_Start	4	static
app_x-cube-mems1.c:599:17:DWT_Stop	16	static
