app_x-cube-mems1.c:108:6:MX_MEMS_Init	8	static
app_x-cube-mems1.c:130:6:MX_MEMS_Process	8	static
app_x-cube-mems1.c:150:6:HAL_TIM_PeriodElapsedCallback	16	static
app_x-cube-mems1.c:166:6:RTC_DateRegulate	32	static
app_x-cube-mems1.c:189:6:RTC_TimeRegulate	40	static
app_x-cube-mems1.c:214:6:Get_PresentationString	112	static
app_x-cube-mems1.c:242:13:MX_DataLogFusion_Init	32	static
app_x-cube-mems1.c:317:13:MX_DataLogFusion_Process	8	static
app_x-cube-mems1.c:356:13:Init_Sensors	8	static
app_x-cube-mems1.c:378:13:RTC_Handler	56	static
app_x-cube-mems1.c:408:13:FX_Data_Handler	184	static
app_x-cube-mems1.c:468:13:Accelero_Sensor_Handler	8	static
app_x-cube-mems1.c:483:13:Gyro_Sensor_Handler	8	static
app_x-cube-mems1.c:496:13:Magneto_Sensor_Handler	56	static
app_x-cube-mems1.c:547:13:Pressure_Sensor_Handler	8	static
app_x-cube-mems1.c:556:13:Temperature_Sensor_Handler	8	static
app_x-cube-mems1.c:565:13:Humidity_Sensor_Handler	8	static
app_x-cube-mems1.c:577:13:TIM_Config	32	static
app_x-cube-mems1.c:634:13:DWT_Start	4	static
app_x-cube-mems1.c:646:17:DWT_Stop	16	static
