stm32f4xx_nucleo_bus.c:102:9:BSP_SPI1_Init	16	static
stm32f4xx_nucleo_bus.c:143:9:BSP_SPI1_DeInit	16	static
stm32f4xx_nucleo_bus.c:169:9:BSP_SPI1_Send	24	static
stm32f4xx_nucleo_bus.c:186:10:BSP_SPI1_Recv	24	static
stm32f4xx_nucleo_bus.c:203:9:BSP_SPI1_SendRecv	40	static
stm32f4xx_nucleo_bus.c:221:9:BSP_I2C1_Init	16	static
stm32f4xx_nucleo_bus.c:265:9:BSP_I2C1_DeInit	16	static
stm32f4xx_nucleo_bus.c:293:9:BSP_I2C1_IsReady	24	static
stm32f4xx_nucleo_bus.c:314:9:BSP_I2C1_WriteReg	48	static
stm32f4xx_nucleo_bus.c:340:10:BSP_I2C1_ReadReg	48	static
stm32f4xx_nucleo_bus.c:368:9:BSP_I2C1_WriteReg16	48	static
stm32f4xx_nucleo_bus.c:394:10:BSP_I2C1_ReadReg16	48	static
stm32f4xx_nucleo_bus.c:419:9:BSP_I2C1_Send	32	static
stm32f4xx_nucleo_bus.c:444:9:BSP_I2C1_Recv	32	static
stm32f4xx_nucleo_bus.c:572:9:BSP_GetTick	8	static
stm32f4xx_nucleo_bus.c:578:26:MX_SPI1_Init	24	static
stm32f4xx_nucleo_bus.c:601:13:SPI1_MspInit	48	static
stm32f4xx_nucleo_bus.c:636:13:SPI1_MspDeInit	16	static
stm32f4xx_nucleo_bus.c:660:26:MX_I2C1_Init	24	static
stm32f4xx_nucleo_bus.c:680:13:I2C1_MspInit	48	static
stm32f4xx_nucleo_bus.c:706:13:I2C1_MspDeInit	16	static
